10:44:28 reflections $ git init
Initialized empty Git repository in c:/Users/Bazil Caygill/Desktop/Temp/Udacity/version-control/refl
10:44:32 (master #) reflections $ git status
# On branch master
#
# Initial commit
#
# Untracked files:
#   (use "git add <file>..." to include in what will be committed)
#
#       lesson_1_reflections.txt
#       lesson_2_reflections.txt
nothing added to commit but untracked files present (use "git add" to track)

git add lesson_1_reflections.txt

git commit

git diff
git diff [filename]
git diff -- staged
git diff -- staged [filename]


11:55:14 (master) asteroids $ git branch
* master
11:55:21 (master) asteroids $ git branch easymode
11:55:35 (master) asteroids $ git branch
  easymode
* master
11:55:40 (master) asteroids $ git checkout easymode
Switched to branch 'easymode'
11:56:41 (easymode) asteroids $ git branch
* easymode
  master


   git checkout -b new_branch_name
is equivalent to
   git branch new_branch_name
 and 
   git checkout new_branch_name


 git merge master coins
 didn't ask for a commit message, just did it automagically
is there a difference between
  git merge A B
and
  git merge B A
??

 